// Jest Snapshot v1, https://goo.gl/fbAQLP

exports[`should render AddExpensePage correctly 1`] = `
<div>
  <h2>
    Expense
  </h2>
  <ExpenseForm
    onSubmit={[Function]}
  />
</div>
`;
