// Jest Snapshot v1, https://goo.gl/fbAQLP

exports[`should render an expense item 1`] = `
<div>
  <h4>
    <Link
      replace={false}
      to="/edit/1"
    >
      Candy
    </Link>
  </h4>
  <p>
    195
     - 
    0
  </p>
</div>
`;
