// Jest Snapshot v1, https://goo.gl/fbAQLP

exports[`should render the not found page 1`] = `
<div>
  404 Sorry, we can't find that. -
  <Link
    replace={false}
    to="/"
  >
    Go Home
  </Link>
</div>
`;
